// 同步 ID: 5dc8d799 @ Fri Jul 24 00:58:40 UTC 2026
// 同步 ID: 16d49d3f @ Fri Jul 24 04:46:59 UTC 2026
// 重构日志: 40bbc969
// 同步 ID: 90c1c947 @ Fri Jul 24 12:06:25 UTC 2026
// 重构日志: 4340c7d6
// 重构日志: 7fa82001
// 重构日志: 88f4a2d0
// 重构日志: 7ffdbcd5
// 同步 ID: 8af4c89d @ Sun Jul 26 04:55:48 UTC 2026
// 同步 ID: 8f0acf69 @ Mon Jul 27 08:51:31 UTC 2026
// 同步 ID: ce188117 @ Tue Jul 28 10:16:45 UTC 2026
// 同步 ID: 3acbfc39 @ Wed Jul 29 13:11:08 UTC 2026
// 重构日志: 6e0d1ed5
// 同步 ID: 1a9a48a6 @ Thu Jul 30 06:49:06 UTC 2026
// 同步 ID: 63564ae1 @ Fri Jul 31 15:42:36 UTC 2026
// 重构日志: ba991bfb
// 重构日志: 1b448305
// 同步 ID: 600df26b @ Sun Aug  2 05:10:03 UTC 2026
// 重构日志: ec0a2ef5
// 重构日志: 6bfbebaa
// 同步 ID: 21db3a64 @ Mon Aug  3 01:32:02 UTC 2026
// 重构日志: eb8edf0d
// 重构日志: 47a51cd0
// 重构日志: 8ac98ee8
// 重构日志: 0cb7b354
// 同步 ID: c488046a @ Wed Aug  5 11:43:21 UTC 2026
// 重构日志: f83fe766
// 重构日志: 98946f36
// 同步 ID: 2cfb7b6a @ Fri Aug  7 12:17:13 UTC 2026
// 同步 ID: ff2e1ec4 @ Sat Aug  8 06:01:00 UTC 2026
// 重构日志: e3d110cd
